hello world!
ell
2
true
false
false
true
true
false
32
 
